SQL> 
SQL> connect tpchr
Connected.
SQL> 
SQL> /* ~~~~~~~~~~~~~~~~~~~~~~~~~~~~~~~~~~~~~~~~~~~~~~~~~~~~~~~~~~~~~~~~~~~~~~~~~~~~~ */
SQL> /* The relational tables of TPC HR benchmark database			      */
SQL> /* ~~~~~~~~~~~~~~~~~~~~~~~~~~~~~~~~~~~~~~~~~~~~~~~~~~~~~~~~~~~~~~~~~~~~~~~~~~~~~ */
SQL> 
SQL> CREATE TABLE REGION(
  2  R_REGIONKEY     NUMBER(12)      NOT NULL,
  3  R_NAME	     CHAR(25)	     NOT NULL,
  4  R_COMMENT	     VARCHAR(152)    NOT NULL,
  5  	     CONSTRAINT REGION_PKEY PRIMARY KEY(R_REGIONKEY),
  6  	     CONSTRAINT REGION_CHECK1 CHECK(R_REGIONKEY >= 0) );

Table created.

SQL> 
SQL> CREATE TABLE NATION(
  2  N_NATIONKEY     NUMBER(12)      NOT NULL,
  3  N_NAME	     CHAR(25)	     NOT NULL,
  4  N_REGIONKEY     NUMBER(12)      NOT NULL,
  5  N_COMMENT	     VARCHAR(152)    NOT NULL,
  6  	     CONSTRAINT NATION_PKEY PRIMARY KEY (N_NATIONKEY),
  7  	     CONSTRAINT NATION_FKEY1 FOREIGN KEY (N_REGIONKEY)
  8  		     REFERENCES REGION(R_REGIONKEY),
  9  	     CONSTRAINT NATION_CHECK1 CHECK(N_NATIONKEY >= 0) );

Table created.

SQL> 
SQL> CREATE TABLE PART(
  2  P_PARTKEY	     NUMBER(12)      NOT NULL,
  3  P_NAME	     VARCHAR(55)     NOT NULL,
  4  P_MFGR	     VARCHAR(25)     NOT NULL,
  5  P_BRAND	     CHAR(10)	     NOT NULL,
  6  P_TYPE	     VARCHAR(25)     NOT NULL,
  7  P_SIZE	     NUMBER(12)      NOT NULL,
  8  P_CONTAINER     CHAR(10)	     NOT NULL,
  9  P_RETAILPRICE   NUMBER(12,2)    NOT NULL,
 10  P_COMMENT	     VARCHAR(23)     NOT NULL,
 11  	     CONSTRAINT PART_PEKEY PRIMARY KEY (P_PARTKEY),
 12  	     CONSTRAINT PART_CHECK1 CHECK(P_PARTKEY >= 0),
 13  	     CONSTRAINT PART_CHECK2 CHECK(P_SIZE >= 0),
 14  	     CONSTRAINT PART_CHECK3 CHECK(P_RETAILPRICE >= 0) );

Table created.

SQL> 
SQL> CREATE TABLE SUPPLIER(
  2  S_SUPPKEY	     NUMBER(12)      NOT NULL,
  3  S_NAME	     CHAR(25)	     NOT NULL,
  4  S_ADDRESS	     VARCHAR(40)     NOT NULL,
  5  S_NATIONKEY     NUMBER(12)      NOT NULL,
  6  S_PHONE	     CHAR(15)	     NOT NULL,
  7  S_ACCTBAL	     NUMBER(12,2)    NOT NULL,
  8  S_COMMENT	     VARCHAR(101)    NOT NULL,
  9  	     CONSTRAINT SUPPLIER_PKEY PRIMARY KEY (S_SUPPKEY),
 10  	     CONSTRAINT SUPPLIER_FKEY1 FOREIGN kEY (S_NATIONKEY)
 11  		     REFERENCES NATION(N_NATIONKEY),
 12  	     CONSTRAINT SUPPLIER_CHECK1 CHECK(S_SUPPKEY >= 0) );

Table created.

SQL> 
SQL> CREATE TABLE PARTSUPP(
  2  PS_PARTKEY      NUMBER(12)      NOT NULL,
  3  PS_SUPPKEY      NUMBER(12)      NOT NULL,
  4  PS_AVAILQTY     NUMBER(12)      NOT NULL,
  5  PS_SUPPLYCOST   NUMBER(12,2)    NOT NULL,
  6  PS_COMMENT      VARCHAR(199)    NOT NULL,
  7  	     CONSTRAINT PARTSUPP_PKEY PRIMARY KEY (PS_PARTKEY, PS_SUPPKEY),
  8  	     CONSTRAINT PARTSUPP_FKEY1 FOREIGN KEY (PS_PARTKEY)
  9  		     REFERENCES PART(P_PARTKEY),
 10  	     CONSTRAINT PARTSUPP_FKEY2 FOREIGN kEY (PS_SUPPKEY)
 11  		     REFERENCES SUPPLIER(S_SUPPKEY),
 12  	     CONSTRAINT PARTSUPP_CHECK1 CHECK(PS_PARTKEY >= 0),
 13  	     CONSTRAINT PARTSUPP_CHECK2 CHECK(PS_AVAILQTY >= 0),
 14  	     CONSTRAINT PARTSUPP_CHECK3 CHECK(PS_SUPPLYCOST >= 0) );

Table created.

SQL> 
SQL> CREATE TABLE CUSTOMER(
  2  C_CUSTKEY	     NUMBER(12)      NOT NULL,
  3  C_NAME	     VARCHAR(25)     NOT NULL,
  4  C_ADDRESS	     VARCHAR(40)     NOT NULL,
  5  C_NATIONKEY     NUMBER(12)      NOT NULL,
  6  C_PHONE	     CHAR(15)	     NOT NULL,
  7  C_ACCTBAL	     NUMBER(12,2)    NOT NULL,
  8  C_MKTSEGMENT    CHAR(10)	     NOT NULL,
  9  C_COMMENT	     VARCHAR(117)    NOT NULL,
 10  	     CONSTRAINT CUSTOMER_PKEY PRIMARY KEY(C_CUSTKEY),
 11  	     CONSTRAINT CUSTOMER_FKEY1 FOREIGN kEY (C_NATIONKEY)
 12  		     REFERENCES NATION(N_NATIONKEY),
 13  	     CONSTRAINT CUSTOMER_CHECK1 CHECK(C_CUSTKEY >= 0) );

Table created.

SQL> 
SQL> CREATE TABLE ORDERS(
  2  O_ORDERKEY      NUMBER(12)      NOT NULL,
  3  O_CUSTKEY	     NUMBER(12)      NOT NULL,
  4  O_ORDERSTATUS   CHAR(1)	     NOT NULL,
  5  O_TOTALPRICE    NUMBER(12,2)    NOT NULL,
  6  O_ORDERDATE     DATE	     NOT NULL,
  7  O_ORDERPRIORITY CHAR(15)	     NOT NULL,
  8  O_CLERK	     CHAR(15)	     NOT NULL,
  9  O_SHIPPRIORITY  NUMBER(12)      NOT NULL,
 10  O_COMMENT	     VARCHAR(79)     NOT NULL,
 11  	     CONSTRAINT ORDERS_PKEY PRIMARY KEY (O_ORDERKEY),
 12  	     CONSTRAINT ORDERS_FKEY1 FOREIGN kEY (O_CUSTKEY)
 13  		     REFERENCES CUSTOMER(C_CUSTKEY),
 14  	     CONSTRAINT ORDER_CHECK1 CHECK( O_TOTALPRICE >= 0) );

Table created.

SQL> 
SQL> CREATE TABLE LINEITEM(
  2  L_ORDERKEY      NUMBER(12)      NOT NULL,
  3  L_PARTKEY	     NUMBER(12)      NOT NULL,
  4  L_SUPPKEY	     NUMBER(12)      NOT NULL,
  5  L_LINENUMBER    NUMBER(12)      NOT NULL,
  6  L_QUANTITY      NUMBER(12,2)    NOT NULL,
  7  L_EXTENDEDPRICE NUMBER(12,2)    NOT NULL,
  8  L_DISCOUNT      NUMBER(12,2)    NOT NULL,
  9  L_TAX	     NUMBER(12,2)    NOT NULL,
 10  L_RETURNFLAG    CHAR(1)	     NOT NULL,
 11  L_LINESTATUS    CHAR(1)	     NOT NULL,
 12  L_SHIPDATE      DATE	     NOT NULL,
 13  L_COMMITDATE    DATE	     NOT NULL,
 14  L_RECEIPTDATE   DATE	     NOT NULL,
 15  L_SHIPINSTRUCT  CHAR(25)	     NOT NULL,
 16  L_SHIPMODE      CHAR(10)	     NOT NULL,
 17  L_COMMENT	     VARCHAR(44)     NOT NULL,
 18  	     CONSTRAINT LINEITEM_PKEY PRIMARY KEY (L_ORDERKEY, L_LINENUMBER),
 19  	     CONSTRAINT LINEITEM_FKEY1 FOREIGN kEY (L_ORDERKEY)
 20  		     REFERENCES ORDERS(O_ORDERKEY),
 21  	     CONSTRAINT LINEITEM_FKEY2 FOREIGN KEY (L_PARTKEY)
 22  		     REFERENCES PART(P_PARTKEY),
 23  	     CONSTRAINT LINEITEM_FKEY3 FOREIGN KEY (L_PARTKEY,L_SUPPKEY)
 24  		     REFERENCES PARTSUPP(PS_PARTKEY, PS_SUPPKEY),
 25  	     CONSTRAINT LINEITEM_FKEY4 FOREIGN kEY (L_SUPPKEY)
 26  		     REFERENCES SUPPLIER(S_SUPPKEY),
 27  	     CONSTRAINT LINEITEM_CHECK1 CHECK (L_QUANTITY >= 0),
 28  	     CONSTRAINT LINEITEM_CHECK2 CHECK (L_EXTENDEDPRICE >= 0),
 29  	     CONSTRAINT LINEITEM_CHECK3 CHECK (L_TAX >= 0),
 30  	     CONSTRAINT LINEITEM_CHECK4 CHECK (L_DISCOUNT BETWEEN 0.00 AND 1.00) );

Table created.

SQL> 
SQL> /* ~~~~~~~~~~~~~~~~~~~~~~~~~~~~~~~~~~~~~~~~~~~~~~~~~~~~~~~~~~~~~~~~~~~~~~~~~~~~~ */
SQL> /* Multitable constraints							      */
SQL> /*      1.L_SHIPDATE <= L_RECEIPTDATE					      */
SQL> /*      2.O_ORDERDATE <= L_SHIPDATE					      */
SQL> /*      3.O_ORDERDATE <= L_COMMITDATE					      */
SQL> /* ~~~~~~~~~~~~~~~~~~~~~~~~~~~~~~~~~~~~~~~~~~~~~~~~~~~~~~~~~~~~~~~~~~~~~~~~~~~~~ */
SQL> 
SQL> disconnect
Disconnected from Oracle Database 12c Enterprise Edition Release 12.2.0.1.0 - 64bit Production
SQL> 
SQL> SPOOL OFF
